cargo :     Blocking waiting for file lock on build directory
At line:1 char:1
+ cargo check 2> errors.txt; Get-Content errors.txt -TotalCount 50
+ ~~~~~~~~~~~~~~~~~~~~~~~~~
    + CategoryInfo          : NotSpecified: (    Blocking wa...build directory:String) [], RemoteEx 
   ception
    + FullyQualifiedErrorId : NativeCommandError
 
    Checking polymarket-cli v0.1.4 (C:\Users\mehul\OneDrive\Desktop\Studio\PROJECTS\polycli\polycli)
warning: unused imports: `MarketData` and `Trade`
 --> src\bot\backtest\mod.rs:6:30
  |
6 | pub use data::{BeckerParser, MarketData, Trade};
  |                              ^^^^^^^^^^  ^^^^^
  |
  = note: `#[warn(unused_imports)]` (part of `#[warn(unused)]`) on by default

warning: unused imports: `BacktestMetrics` and `TradeResult`
 --> src\bot\backtest\mod.rs:7:19
  |
7 | pub use metrics::{BacktestMetrics, TradeResult};
  |                   ^^^^^^^^^^^^^^^  ^^^^^^^^^^^

warning: unused imports: `PmxtRow` and `fetch_btc_updown`
 --> src\bot\backtest\mod.rs:8:16
  |
8 | pub use pmxt::{fetch_btc_updown, PmxtFetcher, PmxtRow};
  |                ^^^^^^^^^^^^^^^^               ^^^^^^^

warning: unused imports: `Args` and `ValueEnum`
 --> src\bot\discovery\mod.rs:3:12
  |
3 | use clap::{Args, ValueEnum};
  |            ^^^^  ^^^^^^^^^

warning: unused import: `polymarket_client_sdk::clob::types::response::MarketResponse`
 --> src\bot\discovery\mod.rs:8:5
  |
8 | use polymarket_client_sdk::clob::types::response::MarketResponse;
  |     ^^^^^^^^^^^^^^^^^^^^^^^^^^^^^^^^^^^^^^^^^^^^^^^^^^^^^^^^^^^^

warning: unused imports: `Deserialize` and `Serialize`
  --> src\bot\discovery\mod.rs:15:13
   |
15 | use serde::{Deserialize, Serialize};
   |             ^^^^^^^^^^^  ^^^^^^^^^

warning: unused imports: `gamma_market_condition_id_hex`, `has_binary_directional_tokens`, 
`hour_btc_5m_slugs`, `infer_market_window`, `is_updown_5m_text`, `market_matches_exact_filter`, 
`matches_crypto_text`, `parse_slug_timestamp`, and `window_overlaps_hour`
  --> src\bot\discovery\mod.rs:24:5
   |
24 |     gamma_market_condition_id_hex, hour_btc_5m_slugs, is_updown_5m_text,
   |     ^^^^^^^^^^^^^^^^^^^^^^^^^^^^^  ^^^^^^^^^^^^^^^^^  ^^^^^^^^^^^^^^^^^
25 |     market_matches_exact_filter, matches_crypto_text,
   |     ^^^^^^^^^^^^^^^^^^^^^^^^^^^  ^^^^^^^^^^^^^^^^^^^
26 |     has_binary_directional_tokens, infer_market_window, parse_slug_timestamp,
   |     ^^^^^^^^^^^^^^^^^^^^^^^^^^^^^  ^^^^^^^^^^^^^^^^^^^  ^^^^^^^^^^^^^^^^^^^^
27 |     window_overlaps_hour,
   |     ^^^^^^^^^^^^^^^^^^^^

warning: unused import: `crate::bot::pipeline::CryptoAsset`
  --> src\bot\discovery\mod.rs:34:9
   |
34 | pub use crate::bot::pipeline::CryptoAsset;
   |         ^^^^^^^^^^^^^^^^^^^^^^^^^^^^^^^^^

warning: unused import: `crate::bot::pipeline::DiscoveredMarket`
  --> src\bot\discovery\mod.rs:47:9
   |
47 | pub use crate::bot::pipeline::DiscoveredMarket;
   |         ^^^^^^^^^^^^^^^^^^^^^^^^^^^^^^^^^^^^^^

warning: unused import: `crate::bot::pipeline::GammaMarket`
  --> src\bot\discovery\mod.rs:49:9
   |
49 | pub use crate::bot::pipeline::GammaMarket;
   |         ^^^^^^^^^^^^^^^^^^^^^^^^^^^^^^^^^

warning: unused import: `SimulationResult`
 --> src\bot\monte_carlo\mod.rs:3:60
  |
3 | pub use simulator::{MonteCarloSimulator, SimulationConfig, SimulationResult};
  |                                                            ^^^^^^^^^^^^^^^^

warning: unused imports: `FairValueConfig` and `FairValueModel`
 --> src\bot\pricing\mod.rs:8:22
  |
8 | pub use fair_value::{FairValueModel, FairValueConfig};
  |                      ^^^^^^^^^^^^^^  ^^^^^^^^^^^^^^^

warning: unused imports: `VolSurface` and `VolatilityCalculator`
 --> src\bot\pricing\mod.rs:9:22
  |
9 | pub use volatility::{VolatilityCalculator, VolSurface};
  |                      ^^^^^^^^^^^^^^^^^^^^  ^^^^^^^^^^

warning: unused import: `Serialize`
 --> src\bot\research\config.rs:3:26
  |
3 | use serde::{Deserialize, Serialize};
  |                          ^^^^^^^^^

warning: unused import: `std::str::FromStr`
 --> src\bot\research\market_spec.rs:6:5
  |
6 | use std::str::FromStr;
  |     ^^^^^^^^^^^^^^^^^

warning: unused import: `parquet::file::writer::SerializedFileWriter`
 --> src\bot\research\feature_export.rs:7:5
  |
7 | use parquet::file::writer::SerializedFileWriter;
  |     ^^^^^^^^^^^^^^^^^^^^^^^^^^^^^^^^^^^^^^^^^^^

warning: unused import: `Serialize`
 --> src\bot\research\labeling.rs:6:26
  |
6 | use serde::{Deserialize, Serialize};
  |                          ^^^^^^^^^

warning: unused import: `std::collections::VecDeque`
 --> src\bot\research\labeling.rs:7:5
  |
7 | use std::collections::VecDeque;
  |     ^^^^^^^^^^^^^^^^^^^^^^^^^^

warning: unused import: `Row`
 --> src\bot\research\score_loader.rs:8:23
  |
8 | use parquet::record::{Row, RowAccessor};
  |                       ^^^

warning: unused import: `ScoreRow`
 --> src\bot\research\fusion.rs:5:26
  |
5 | use super::{ScoreLoader, ScoreRow};
  |                          ^^^^^^^^

warning: unused imports: `Confidence`, `EntryReason`, and `StrategyEngine`
 --> src\bot\research\fusion.rs:8:5
  |
8 |     Confidence, Direction, EntryReason, SignalSource, StrategyDecision, StrategyEngine,
  |     ^^^^^^^^^^             ^^^^^^^^^^^                                  ^^^^^^^^^^^^^^

warning: unused import: `Serialize`
  --> src\bot\research\fusion.rs:11:26
   |
11 | use serde::{Deserialize, Serialize};
   |                          ^^^^^^^^^

warning: unnecessary parentheses around assigned value
   --> src\bot\research\fusion.rs:171:40
    |
171 |                 let fused_confidence = (heuristic.confidence * (1.0 - self.config.qlib_weight)
    |                                        ^
172 |                     + qlib.confidence * self.config.qlib_weight);
    |                                                                ^
    |
    = note: `#[warn(unused_parens)]` (part of `#[warn(unused)]`) on by default
help: remove these parentheses
    |
171 ~                 let fused_confidence = heuristic.confidence * (1.0 - self.config.qlib_weight)
172 ~                     + qlib.confidence * self.config.qlib_weight;
    |

warning: unused imports: `MarketFamily`, `SupportedAsset`, and `SupportedDuration`
  --> src\bot\research\mod.rs:16:47
   |
16 | pub use market_spec::{CryptoBinaryMarketSpec, MarketFamily, SupportedAsset, SupportedDuration};
   |                                               ^^^^^^^^^^^^  ^^^^^^^^^^^^^^  ^^^^^^^^^^^^^^^^^

warning: unused import: `FusionDecision`
  --> src\bot\research\mod.rs:21:58
   |
21 | pub use fusion::{FusionMode, FusionEngine, FusionConfig, FusionDecision};
   |                                                          ^^^^^^^^^^^^^^

warning: unused imports: `ExitSignal` and `Observation`
 --> src\bot\strategy\heuristic.rs:6:66
  |
6 |     Confidence, Direction, EntryReason, EntrySignal, ExitReason, ExitSignal, Observation,
  |                                                                  ^^^^^^^^^^  ^^^^^^^^^^^

warning: unused import: `Serialize`
 --> src\bot\strategy\risk.rs:5:26
  |
5 | use serde::{Deserialize, Serialize};
  |                          ^^^^^^^^^

warning: unused import: `risk::RiskGate`
  --> src\bot\strategy\mod.rs:11:9
   |
11 | pub use risk::RiskGate;
   |         ^^^^^^^^^^^^^^

warning: unused variable: `row`
  --> src\bot\research\labeling.rs:65:21
   |
65 |                 let row = &rows[i];
   |                     ^^^ help: if this is intentional, prefix it with an underscore: `_row`
   |
   = note: `#[warn(unused_variables)]` (part of `#[warn(unused)]`) on by default

warning: unused variable: `one_min`
   --> src\bot\signal.rs:128:9
    |
128 |         one_min: &IndicatorState,
    |         ^^^^^^^ help: if this is intentional, prefix it with an underscore: `_one_min`

warning: value assigned to `state_5s` is never read
   --> src\commands\bot.rs:589:24
    |
589 |     let mut state_5s = IndicatorState::default();
    |                        ^^^^^^^^^^^^^^^^^^^^^^^^^
    |
    = help: maybe it is overwritten before being read?
    = note: `#[warn(unused_assignments)]` (part of `#[warn(unused)]`) on by default

warning: value assigned to `state_5s` is never read
   --> src\commands\bot.rs:694:21
    |
694 |                     state_5s = IndicatorState::default();
    |                     ^^^^^^^^^^^^^^^^^^^^^^^^^^^^^^^^^^^^
    |
    = help: maybe it is overwritten before being read?

warning: methods `get_trades` and `generate_snapshots` are never used
   --> src\bot\backtest\data.rs:194:12
    |
 48 | impl BeckerParser {
    | ----------------- methods in this implementation
...
194 |     pub fn get_trades(&self) -> &[Trade] {
    |            ^^^^^^^^^^
...
198 |     pub fn generate_snapshots(
    |            ^^^^^^^^^^^^^^^^^^
    |
    = note: `#[warn(dead_code)]` (part of `#[warn(unused)]`) on by default

warning: methods `export_csv` and `export_equity_curve` are never used
   --> src\bot\backtest\metrics.rs:214:12
    |
 40 | impl BacktestMetrics {
    | -------------------- methods in this implementation
...
214 |     pub fn export_csv(&self, path: &str) -> anyhow::Result<()> {
    |            ^^^^^^^^^^
...
238 |     pub fn export_equity_curve(&self, path: &str) -> anyhow::Result<()> {
    |            ^^^^^^^^^^^^^^^^^^^

warning: associated function `to_trades` is never used
   --> src\bot\backtest\pmxt.rs:119:12
    |
 32 | impl PmxtFetcher {
    | ---------------- associated function in this implementation
...
119 |     pub fn to_trades(rows: &[PmxtRow]) -> Vec<Trade> {
    |            ^^^^^^^^^

warning: function `fetch_btc_updown` is never used
   --> src\bot\backtest\pmxt.rs:205:8
    |
205 | pub fn fetch_btc_updown(url: &str) -> Result<Vec<PmxtRow>> {
    |        ^^^^^^^^^^^^^^^^

warning: field `slope_threshold` is never read
  --> src\bot\backtest\replay.rs:13:9
   |
10 | pub struct BacktestConfig {
   |            -------------- field in this struct
...
13 |     pub slope_threshold: f64,
   |         ^^^^^^^^^^^^^^^
   |
   = note: `BacktestConfig` has derived impls for the traits `Clone` and `Debug`, but these are 
intentionally ignored during dead code analysis

warning: methods `get_trades`, `get_bankroll`, and `reset` are never used
   --> src\bot\backtest\replay.rs:315:12
    |
 94 | impl BacktestEngine {
    | ------------------- methods in this implementation
...
315 |     pub fn get_trades(&self) -> &[TradeResult] {
    |            ^^^^^^^^^^
...
319 |     pub fn get_bankroll(&self) -> f64 {
    |            ^^^^^^^^^^^^
...
323 |     pub fn reset(&mut self) {
    |            ^^^^^

warning: field `fifteen_second` is never read
  --> src\bot\candles.rs:31:9
   |
29 | pub struct ClosedCandles {
   |            ------------- field in this struct
30 |     pub five_second: Option<Candle>,
31 |     pub fifteen_second: Option<Candle>,
   |         ^^^^^^^^^^^^^^

warning: methods `set_volume_mode`, `get_last_5s`, `get_last_15s`, and `get_last_1m` are never used
  --> src\bot\candles.rs:51:12
   |
35 | impl CandleEngine {
   | ----------------- methods in this implementation
...
51 |     pub fn set_volume_mode(&mut self, mode: VolumeMode) {
   |            ^^^^^^^^^^^^^^^
...
75 |     pub fn get_last_5s(&self) -> Option<Candle> {
   |            ^^^^^^^^^^^
...
80 |     pub fn get_last_15s(&self) -> Option<Candle> {
   |            ^^^^^^^^^^^^
...
85 |     pub fn get_last_1m(&self) -> Option<Candle> {
   |            ^^^^^^^^^^^

warning: method `last` is never used
   --> src\bot\candles.rs:190:12
    |
106 | impl CandleAggregator {
    | --------------------- method in this implementation
...
190 |     pub fn last(&self) -> Option<Candle> {
    |            ^^^^

warning: constant `BTC_UPDOWN_15M_SLUG_PREFIX` is never used
  --> src\bot\discovery\mod.rs:29:11
   |
29 | pub const BTC_UPDOWN_15M_SLUG_PREFIX: &str = "btc-updown-15m-";
   |           ^^^^^^^^^^^^^^^^^^^^^^^^^^

warning: constant `FIFTEEN_MINUTES_SECONDS` is never used
  --> src\bot\discovery\mod.rs:30:11
   |
30 | pub const FIFTEEN_MINUTES_SECONDS: i64 = 900;
   |           ^^^^^^^^^^^^^^^^^^^^^^^

warning: enum `OrderTypeExt` is never used
  --> src\bot\execution.rs:31:10
   |
31 | pub enum OrderTypeExt {
   |          ^^^^^^^^^^^^

warning: enum `OrderSide` is never used
  --> src\bot\execution.rs:44:10
   |
44 | pub enum OrderSide {
   |          ^^^^^^^^^

warning: struct `OrderRequest` is never constructed
  --> src\bot\execution.rs:51:12
   |
51 | pub struct OrderRequest {
   |            ^^^^^^^^^^^^

warning: struct `FillResult` is never constructed
  --> src\bot\execution.rs:64:12
   |
64 | pub struct FillResult {
   |            ^^^^^^^^^^

warning: struct `ConfirmedPosition` is never constructed
  --> src\bot\execution.rs:79:12
   |
79 | pub struct ConfirmedPosition {
   |            ^^^^^^^^^^^^^^^^^

warning: enum `ExecutionMode` is never used
  --> src\bot\execution.rs:92:10
   |
92 | pub enum ExecutionMode {
   |          ^^^^^^^^^^^^^

warning: enum `FeedHealth` is never used
   --> src\bot\execution.rs:103:10
    |
103 | pub enum FeedHealth {
    |          ^^^^^^^^^^

warning: methods `is_healthy` and `is_tradeable` are never used
   --> src\bot\execution.rs:110:12
    |
109 | impl FeedHealth {
    | --------------- methods in this implementation
110 |     pub fn is_healthy(&self, max_stale_s: u64) -> bool {
    |            ^^^^^^^^^^
...
118 |     pub fn is_tradeable(&self, market_duration_s: i64) -> bool {
    |            ^^^^^^^^^^^^

warning: enum `FillIntent` is never used
   --> src\bot\execution.rs:132:10
    |
132 | pub enum FillIntent {
    |          ^^^^^^^^^^

warning: fields `condition_id` and `end_time` are never read
   --> src\bot\execution.rs:151:9
    |
145 | pub struct PendingSettlement {
    |            ----------------- fields in this struct
...
151 |     pub condition_id: Option<String>,
    |         ^^^^^^^^^^^^
152 |     pub end_time: DateTime<Utc>,
    |         ^^^^^^^^

warning: method `recv` is never used
   --> src\bot\feed.rs:278:18
    |
213 | impl MarketWebsocketFeed {
    | ------------------------ method in this implementation
...
278 |     pub async fn recv(&mut self) -> Option<BookDeltaEvent> {
    |                  ^^^^

warning: fields `ema9`, `ema21`, and `williams_r` are never read
  --> src\bot\indicators.rs:8:9
   |
 5 | pub struct IndicatorState {
   |            -------------- fields in this struct
...
 8 |     pub ema9: Option<f64>,
   |         ^^^^
 9 |     pub ema21: Option<f64>,
   |         ^^^^^
...
14 |     pub williams_r: Option<f64>,
   |         ^^^^^^^^^^
   |
   = note: `IndicatorState` has derived impls for the traits `Clone` and `Debug`, but these are 
intentionally ignored during dead code analysis

warning: methods `set_debug`, `is_ready`, `ema_cross_up`, and `ema_cross_down` are never used
  --> src\bot\indicators.rs:51:12
   |
32 | impl IndicatorEngine {
   | -------------------- methods in this implementation
...
51 |     pub fn set_debug(&mut self, enabled: bool) {
   |            ^^^^^^^^^
...
72 |     pub fn is_ready(&self) -> bool {
   |            ^^^^^^^^
...
78 |     pub fn ema_cross_up(&self) -> bool {
   |            ^^^^^^^^^^^^
...
88 |     pub fn ema_cross_down(&self) -> bool {
   |            ^^^^^^^^^^^^^^

warning: field `period` is never read
   --> src\bot\indicators.rs:151:5
    |
150 | pub struct Ema {
    |            --- field in this struct
151 |     period: usize,
    |     ^^^^^^

warning: field `path` is never read
  --> src\bot\logging.rs:83:5
   |
81 | pub struct JsonlEventLogger {
   |            ---------------- field in this struct
82 |     writer: Arc<Mutex<BufWriter<File>>>,
83 |     path: PathBuf,
   |     ^^^^
   |
   = note: `JsonlEventLogger` has a derived impl for the trait `Clone`, but this is intentionally 
ignored during dead code analysis

warning: method `path` is never used
   --> src\bot\logging.rs:104:12
    |
 86 | impl JsonlEventLogger {
    | --------------------- method in this implementation
...
104 |     pub fn path(&self) -> &Path {
    |            ^^^^

warning: struct `ListMarketsOutput` is never constructed
   --> src\bot\pipeline\mod.rs:308:12
    |
308 | pub struct ListMarketsOutput {
    |            ^^^^^^^^^^^^^^^^^

warning: struct `OrderbookTick` is never constructed
   --> src\bot\pipeline\mod.rs:318:12
    |
318 | pub struct OrderbookTick {
    |            ^^^^^^^^^^^^^

warning: struct `MarketState` is never constructed
   --> src\bot\pipeline\mod.rs:326:12
    |
326 | pub struct MarketState {
    |            ^^^^^^^^^^^

warning: associated function `from_trades` is never used
  --> src\bot\monte_carlo\simulator.rs:83:12
   |
38 | impl SimulationConfig {
   | --------------------- associated function in this implementation
...
83 |     pub fn from_trades(trades: &[TradeResult]) -> Self {
   |            ^^^^^^^^^^^

warning: associated items `seeded` and `run_kelly_analysis` are never used
   --> src\bot\monte_carlo\simulator.rs:131:12
    |
123 | impl MonteCarloSimulator {
    | ------------------------ associated items in this implementation
...
131 |     pub fn seeded(config: SimulationConfig, seed: u64) -> Self {
    |            ^^^^^^
...
284 |     pub fn run_kelly_analysis(&mut self, max_fraction: f64, steps: usize) -> Vec<KellyResult> 
{
    |            ^^^^^^^^^^^^^^^^^^

warning: struct `KellyResult` is never constructed
   --> src\bot\monte_carlo\simulator.rs:308:12
    |
308 | pub struct KellyResult {
    |            ^^^^^^^^^^^

warning: methods `export_json` and `export_equity_paths` are never used
   --> src\bot\monte_carlo\simulator.rs:354:12
    |
315 | impl SimulationResult {
    | --------------------- methods in this implementation
...
354 |     pub fn export_json(&self, path: &str) -> anyhow::Result<()> {
    |            ^^^^^^^^^^^
...
360 |     pub fn export_equity_paths(&self, path: &str) -> anyhow::Result<()> {
    |            ^^^^^^^^^^^^^^^^^^^

warning: function `print_kelly_analysis` is never used
   --> src\bot\monte_carlo\simulator.rs:384:8
    |
384 | pub fn print_kelly_analysis(results: &[KellyResult]) {
    |        ^^^^^^^^^^^^^^^^^^^^

warning: struct `FairValueConfig` is never constructed
 --> src\bot\pricing\fair_value.rs:9:12
  |
9 | pub struct FairValueConfig {
  |            ^^^^^^^^^^^^^^^

warning: struct `FairValueModel` is never constructed
  --> src\bot\pricing\fair_value.rs:38:12
   |
38 | pub struct FairValueModel {
   |            ^^^^^^^^^^^^^^

warning: associated items `new`, `fair_prob_updown`, `fair_prob_threshold`, `edge`, `has_edge`, and 
`implied_vol_from_market` are never used
   --> src\bot\pricing\fair_value.rs:43:12
    |
 42 | impl FairValueModel {
    | ------------------- associated items in this implementation
 43 |     pub fn new(config: FairValueConfig) -> Self {
    |            ^^^
...
 57 |     pub fn fair_prob_updown(
    |            ^^^^^^^^^^^^^^^^
...
 98 |     pub fn fair_prob_threshold(
    |            ^^^^^^^^^^^^^^^^^^^
...
125 |     pub fn edge(&self, fair_prob: f64, market_price: f64) -> f64 {
    |            ^^^^
...
130 |     pub fn has_edge(&self, fair_prob: f64, market_price: f64, threshold: f64) -> bool {
    |            ^^^^^^^^
...
137 |     pub fn implied_vol_from_market(
    |            ^^^^^^^^^^^^^^^^^^^^^^^

warning: function `normal_cdf` is never used
   --> src\bot\pricing\fair_value.rs:184:4
    |
184 | fn normal_cdf(x: f64) -> f64 {
    |    ^^^^^^^^^^

warning: function `normal_pdf` is never used
   --> src\bot\pricing\fair_value.rs:203:4
    |
203 | fn normal_pdf(x: f64) -> f64 {
    |    ^^^^^^^^^^

warning: struct `VolSurface` is never constructed
 --> src\bot\pricing\volatility.rs:9:12
  |
9 | pub struct VolSurface {
  |            ^^^^^^^^^^

warning: associated items `new` and `vol_at_moneyness` are never used
  --> src\bot\pricing\volatility.rs:16:12
   |
15 | impl VolSurface {
   | --------------- associated items in this implementation
16 |     pub fn new(atm_vol: f64, skew: f64, timestamp: i64) -> Self {
   |            ^^^
...
21 |     pub fn vol_at_moneyness(&self, m: f64) -> f64 {
   |            ^^^^^^^^^^^^^^^^

warning: struct `VolatilityCalculator` is never constructed
  --> src\bot\pricing\volatility.rs:29:12
   |
29 | pub struct VolatilityCalculator {
   |            ^^^^^^^^^^^^^^^^^^^^

warning: multiple associated items are never used
   --> src\bot\pricing\volatility.rs:47:12
    |
 46 | impl VolatilityCalculator {
    | ------------------------- associated items in this implementation
 47 |     pub fn new() -> Self {
    |            ^^^
...
 59 |     pub fn update(&mut self, price: f64) {
    |            ^^^^^^
...
 74 |     pub fn realized_vol(&self, window_seconds: i64) -> Option<f64> {
    |            ^^^^^^^^^^^^
...
 98 |     pub fn vol_1m(&self) -> Option<f64> {
    |            ^^^^^^
...
103 |     pub fn vol_5m(&self) -> Option<f64> {
    |            ^^^^^^
...
108 |     pub fn vol_15m(&self) -> Option<f64> {
    |            ^^^^^^^
...
113 |     pub fn reset(&mut self) {
    |            ^^^^^
...
122 |     pub fn build_surface(&self, timestamp: i64) -> Option<VolSurface> {
    |            ^^^^^^^^^^^^^

warning: fields `features_dir`, `scores_dir`, `manifests_dir`, `label_horizons`, and 
`score_freshness_ttl` are never read
  --> src\bot\research\config.rs:10:9
   |
 8 | pub struct ResearchConfig {
   |            -------------- fields in this struct
 9 |     /// Output directory for features
10 |     pub features_dir: PathBuf,
   |         ^^^^^^^^^^^^
11 |     /// Output directory for scores
12 |     pub scores_dir: PathBuf,
   |         ^^^^^^^^^^
13 |     /// Output directory for manifests
14 |     pub manifests_dir: PathBuf,
   |         ^^^^^^^^^^^^^
...
18 |     pub label_horizons: Vec<i32>,
   |         ^^^^^^^^^^^^^^
19 |     /// Score freshness TTL in seconds
20 |     pub score_freshness_ttl: i64,
   |         ^^^^^^^^^^^^^^^^^^^
   |
   = note: `ResearchConfig` has derived impls for the traits `Clone` and `Debug`, but these are 
intentionally ignored during dead code analysis

warning: associated function `new` is never used
  --> src\bot\research\config.rs:40:12
   |
39 | impl ResearchConfig {
   | ------------------- associated function in this implementation
40 |     pub fn new<P: Into<PathBuf>>(base: P) -> Self {
   |            ^^^

warning: associated function `schema_version` is never used
   --> src\bot\research\schema.rs:131:12
    |
130 | impl ScoreRow {
    | ------------- associated function in this implementation
131 |     pub fn schema_version() -> &'static str {
    |            ^^^^^^^^^^^^^^

warning: method `seconds` is never used
  --> src\bot\research\market_spec.rs:60:12
   |
51 | impl SupportedDuration {
   | ---------------------- method in this implementation
...
60 |     pub fn seconds(&self) -> i64 {
   |            ^^^^^^^

warning: methods `is_supported` and `duration_seconds` are never used
   --> src\bot\research\market_spec.rs:145:12
    |
122 | impl CryptoBinaryMarketSpec {
    | --------------------------- methods in this implementation
...
145 |     pub fn is_supported(&self) -> bool {
    |            ^^^^^^^^^^^^
...
151 |     pub fn duration_seconds(&self) -> i64 {
    |            ^^^^^^^^^^^^^^^^

warning: fields `taker_fee`, `maker_fee`, and `slippage_buffer` are never read
  --> src\bot\research\cost_model.rs:11:9
   |
 9 | pub struct CostModel {
   |            --------- fields in this struct
10 |     /// Taker fee rate (buying at ask)
11 |     pub taker_fee: f64,
   |         ^^^^^^^^^
12 |     /// Maker fee rate (providing liquidity, often negative = rebate)
13 |     pub maker_fee: f64,
   |         ^^^^^^^^^
14 |     /// Slippage buffer for cost estimation
15 |     pub slippage_buffer: f64,
   |         ^^^^^^^^^^^^^^^
   |
   = note: `CostModel` has derived impls for the traits `Clone` and `Debug`, but these are 
intentionally ignored during dead code analysis

warning: associated items `new`, `net_edge`, `is_profitable_after_fees`, `break_even_price`, 
`calculate_fee`, and `round_trip_cost` are never used
  --> src\bot\research\cost_model.rs:29:12
   |
28 | impl CostModel {
   | -------------- associated items in this implementation
29 |     pub fn new(taker_fee: f64, maker_fee: f64, slippage_buffer: f64) -> Self {
   |            ^^^
...
37 |     pub fn net_edge(&self, entry_price: f64, exit_price: f64, is_taker_entry: bool) -> f64 {
   |            ^^^^^^^^
...
49 |     pub fn is_profitable_after_fees(&self, entry_price: f64, exit_price: f64) -> bool {
   |            ^^^^^^^^^^^^^^^^^^^^^^^^
...
54 |     pub fn break_even_price(&self, entry_price: f64, is_taker_entry: bool) -> f64 {
   |            ^^^^^^^^^^^^^^^^
...
61 |     pub fn calculate_fee(&self, size_usd: f64, is_taker: bool) -> f64 {
   |            ^^^^^^^^^^^^^
...
67 |     pub fn round_trip_cost(&self, size_usd: f64) -> f64 {
   |            ^^^^^^^^^^^^^^^

warning: struct `CostBreakdown` is never constructed
  --> src\bot\research\cost_model.rs:77:12
   |
77 | pub struct CostBreakdown {
   |            ^^^^^^^^^^^^^

warning: method `breakdown` is never used
  --> src\bot\research\cost_model.rs:87:12
   |
85 | impl CostModel {
   | -------------- method in this implementation
86 |     /// Get detailed cost breakdown
87 |     pub fn breakdown(&self, entry_price: f64, exit_price: f64, size_usd: f64) -> CostBreakdown 
{
   |            ^^^^^^^^^

warning: field `cost_model` is never read
  --> src\bot\research\labeling.rs:33:5
   |
31 | pub struct Labeler {
   |            ------- field in this struct
32 |     config: LabelConfig,
33 |     cost_model: CostModel,
   |     ^^^^^^^^^^

warning: fields `scores_path`, `cache`, and `freshness_ttl` are never read
  --> src\bot\research\score_loader.rs:15:5
   |
13 | pub struct ScoreLoader {
   |            ----------- fields in this struct
14 |     /// Path to scores directory
15 |     scores_path: std::path::PathBuf,
   |     ^^^^^^^^^^^
16 |     /// Cache of loaded scores by (condition_id, ts)
17 |     cache: HashMap<String, HashMap<i64, ScoreRow>>,
   |     ^^^^^
18 |     /// Freshness TTL in seconds
19 |     freshness_ttl: i64,
   |     ^^^^^^^^^^^^^

warning: methods `load`, `get_score`, `get_latest_score`, `is_fresh`, `validate_schema`, and 
`clear` are never used
   --> src\bot\research\score_loader.rs:32:12
    |
 22 | impl ScoreLoader {
    | ---------------- methods in this implementation
...
 32 |     pub fn load(&mut self, path: &Path) -> Result<usize> {
    |            ^^^^
...
 71 |     pub fn get_score(&self, condition_id: &str, ts: i64) -> Option<&ScoreRow> {
    |            ^^^^^^^^^
...
 76 |     pub fn get_latest_score(&self, condition_id: &str, ts: i64) -> Option<&ScoreRow> {
    |            ^^^^^^^^^^^^^^^^
...
 92 |     pub fn is_fresh(&self, score: &ScoreRow, current_ts: i64) -> bool {
    |            ^^^^^^^^
...
 97 |     pub fn validate_schema(&self, score: &ScoreRow) -> Result<()> {
    |            ^^^^^^^^^^^^^^^
...
109 |     pub fn clear(&mut self) {
    |            ^^^^^

warning: fields `score_threshold`, `heuristic_threshold`, `qlib_weight`, and `fallback_on_stale` 
are never read
  --> src\bot\research\fusion.rs:17:9
   |
15 | pub struct FusionConfig {
   |            ------------ fields in this struct
16 |     /// Minimum Qlib score threshold for entry
17 |     pub score_threshold: f64,
   |         ^^^^^^^^^^^^^^^
18 |     /// Minimum confidence for heuristic
19 |     pub heuristic_threshold: f64,
   |         ^^^^^^^^^^^^^^^^^^^
20 |     /// How much to weigh Qlib vs heuristic in fused mode
21 |     pub qlib_weight: f64,
   |         ^^^^^^^^^^^
22 |     /// Fallback to heuristic if score is stale
23 |     pub fallback_on_stale: bool,
   |         ^^^^^^^^^^^^^^^^^
   |
   = note: `FusionConfig` has derived impls for the traits `Clone` and `Debug`, but these are 
intentionally ignored during dead code analysis

warning: struct `FusionDecision` is never constructed
  --> src\bot\research\fusion.rs:39:12
   |
39 | pub struct FusionDecision {
   |            ^^^^^^^^^^^^^^

warning: fields `mode`, `config`, and `score_loader` are never read
  --> src\bot\research\fusion.rs:50:5
   |
49 | pub struct FusionEngine {
   |            ------------ fields in this struct
50 |     mode: FusionMode,
   |     ^^^^
51 |     config: FusionConfig,
   |     ^^^^^^
52 |     score_loader: ScoreLoader,
   |     ^^^^^^^^^^^^

warning: methods `set_mode`, `load_scores`, `decide`, `heuristic_only`, `qlib_only`, and `fused` 
are never used
   --> src\bot\research\fusion.rs:65:12
    |
 55 | impl FusionEngine {
    | ----------------- methods in this implementation
...
 65 |     pub fn set_mode(&mut self, mode: FusionMode) {
    |            ^^^^^^^^
...
 70 |     pub fn load_scores(&mut self, path: &std::path::Path) -> anyhow::Result<usize> {
    |            ^^^^^^^^^^^
...
 75 |     pub fn decide(
    |            ^^^^^^
...
 87 |     fn heuristic_only(&self, decision: &StrategyDecision) -> FusionDecision {
    |        ^^^^^^^^^^^^^^
...
116 |     fn qlib_only(&self, obs: &Observation) -> FusionDecision {
    |        ^^^^^^^^^
...
153 |     fn fused(&self, heuristic_decision: &StrategyDecision, obs: &Observation) -> 
FusionDecision {
    |        ^^^^^

warning: method `clear_halt` is never used
   --> src\bot\risk.rs:167:12
    |
 62 | impl GatekeeperState {
    | -------------------- method in this implementation
...
167 |     pub fn clear_halt(&mut self) {
    |            ^^^^^^^^^^

warning: method `set_entry_band` is never used
  --> src\bot\signal.rs:67:12
   |
24 | impl SignalEngine {
   | ----------------- method in this implementation
...
67 |     pub fn set_entry_band(&mut self, low: f64, high: f64) {
   |            ^^^^^^^^^^^^^^

warning: struct `Observation` is never constructed
  --> src\bot\strategy\mod.rs:17:12
   |
17 | pub struct Observation {
   |            ^^^^^^^^^^^

warning: trait `StrategyEngine` is never used
  --> src\bot\strategy\mod.rs:58:11
   |
58 | pub trait StrategyEngine {
   |           ^^^^^^^^^^^^^^

warning: struct `FusedEngine` is never constructed
  --> src\bot\strategy\mod.rs:67:12
   |
67 | pub struct FusedEngine {
   |            ^^^^^^^^^^^

warning: associated items `new`, `new_with_strategy`, and `with_confidence_threshold` are never used
  --> src\bot\strategy\mod.rs:74:12
   |
73 | impl FusedEngine {
   | ---------------- associated items in this implementation
74 |     pub fn new(mode: FusionMode) -> Self {
   |            ^^^
...
82 |     pub fn new_with_strategy(mode: FusionMode, strategy_mode: StrategyMode) -> Self {
   |            ^^^^^^^^^^^^^^^^^
...
90 |     pub fn with_confidence_threshold(mut self, threshold: f64) -> Self {
   |            ^^^^^^^^^^^^^^^^^^^^^^^^^

warning: enum `Direction` is never used
 --> src\bot\strategy\types.rs:9:10
  |
9 | pub enum Direction {
  |          ^^^^^^^^^

warning: enum `SignalSource` is never used
  --> src\bot\strategy\types.rs:16:10
   |
16 | pub enum SignalSource {
   |          ^^^^^^^^^^^^

warning: struct `Confidence` is never constructed
  --> src\bot\strategy\types.rs:31:12
   |
31 | pub struct Confidence(f64);
   |            ^^^^^^^^^^

warning: multiple associated items are never used
  --> src\bot\strategy\types.rs:34:15
   |
33 | impl Confidence {
   | --------------- associated items in this implementation
34 |     pub const MIN: Self = Self(0.0);
   |               ^^^
35 |     pub const LOW: Self = Self(0.25);
   |               ^^^
36 |     pub const MEDIUM: Self = Self(0.50);
   |               ^^^^^^
37 |     pub const HIGH: Self = Self(0.75);
   |               ^^^^
38 |     pub const MAX: Self = Self(1.0);
   |               ^^^
39 |
40 |     pub fn new(value: f64) -> Self {
   |            ^^^
...
44 |     pub fn value(&self) -> f64 {
   |            ^^^^^
...
48 |     pub fn above_threshold(&self, threshold: f64) -> bool {
   |            ^^^^^^^^^^^^^^^

warning: struct `EntryReason` is never constructed
  --> src\bot\strategy\types.rs:61:12
   |
61 | pub struct EntryReason {
   |            ^^^^^^^^^^^

warning: enum `ExitReason` is never used
  --> src\bot\strategy\types.rs:71:10
   |
71 | pub enum ExitReason {
   |          ^^^^^^^^^^

warning: enum `StrategyDecision` is never used
  --> src\bot\strategy\types.rs:92:10
   |
92 | pub enum StrategyDecision {
   |          ^^^^^^^^^^^^^^^^

warning: struct `HeuristicEngine` is never constructed
  --> src\bot\strategy\heuristic.rs:13:12
   |
13 | pub struct HeuristicEngine {
   |            ^^^^^^^^^^^^^^^

warning: associated items `new`, `new_with_mode`, `new_with_band`, `set_entry_band`, `check_entry`, 
and `check_exit` are never used
   --> src\bot\strategy\heuristic.rs:25:12
    |
 24 | impl HeuristicEngine {
    | -------------------- associated items in this implementation
 25 |     pub fn new() -> Self {
    |            ^^^
...
 38 |     pub fn new_with_mode(mode: StrategyMode) -> Self {
    |            ^^^^^^^^^^^^^
...
 51 |     pub fn new_with_band(low: f64, high: f64) -> Self {
    |            ^^^^^^^^^^^^^
...
 64 |     pub fn set_entry_band(&mut self, low: f64, high: f64) {
    |            ^^^^^^^^^^^^^^
...
 69 |     fn check_entry(
    |        ^^^^^^^^^^^
...
204 |     fn check_exit(&self, five_sec: &IndicatorState) -> Option<ExitReason> {
    |        ^^^^^^^^^^

warning: struct `RiskConfig` is never constructed
 --> src\bot\strategy\risk.rs:9:12
  |
9 | pub struct RiskConfig {
  |            ^^^^^^^^^^

warning: struct `RiskState` is never constructed
  --> src\bot\strategy\risk.rs:36:12
   |
36 | pub struct RiskState {
   |            ^^^^^^^^^

warning: struct `RiskGate` is never constructed
  --> src\bot\strategy\risk.rs:43:12
   |
43 | pub struct RiskGate {
   |            ^^^^^^^^

warning: associated items `new`, `check_entry`, `record_exit`, `calculate_size`, `reset_daily`, and 
`state` are never used
   --> src\bot\strategy\risk.rs:49:12
    |
 48 | impl RiskGate {
    | ------------- associated items in this implementation
 49 |     pub fn new(config: RiskConfig) -> Self {
    |            ^^^
...
 57 |     pub fn check_entry(&self, spread: f64, time_remaining_s: i64, current_ts: i64) -> 
Result<(), String> {
    |            ^^^^^^^^^^^
...
 94 |     pub fn record_exit(&mut self, pnl: f64, ts: i64) {
    |            ^^^^^^^^^^^
...
101 |     pub fn calculate_size(&self, confidence: f64) -> f64 {
    |            ^^^^^^^^^^^^^^
...
108 |     pub fn reset_daily(&mut self) {
    |            ^^^^^^^^^^^
...
115 |     pub fn state(&self) -> &RiskState {
    |            ^^^^^

warning: enum `TokenSide` is never used
 --> src\persistence\mod.rs:8:10
  |
8 | pub enum TokenSide {
  |          ^^^^^^^^^

warning: struct `TradeLog` is never constructed
  --> src\persistence\mod.rs:32:12
   |
32 | pub struct TradeLog {
   |            ^^^^^^^^

warning: struct `PositionState` is never constructed
  --> src\persistence\mod.rs:51:12
   |
51 | pub struct PositionState {
   |            ^^^^^^^^^^^^^

warning: struct `BotState` is never constructed
  --> src\persistence\mod.rs:65:12
   |
65 | pub struct BotState {
   |            ^^^^^^^^

warning: trait `StateStore` is never used
  --> src\persistence\mod.rs:97:11
   |
97 | pub trait StateStore: Send + Sync {
   |           ^^^^^^^^^^

warning: function `generate_order_id` is never used
   --> src\persistence\mod.rs:116:8
    |
116 | pub fn generate_order_id() -> String {
    |        ^^^^^^^^^^^^^^^^^

warning: struct `SqliteStore` is never constructed
 --> src\persistence\sqlite.rs:8:12
  |
8 | pub struct SqliteStore {
  |            ^^^^^^^^^^^

warning: associated items `new`, `in_memory`, `initialize_schema`, 
`initialize_bot_state_if_missing`, `parse_token_id`, and `format_token_id` are never used
   --> src\persistence\sqlite.rs:13:12
    |
 12 | impl SqliteStore {
    | ---------------- associated items in this implementation
 13 |     pub fn new<P: AsRef<Path>>(path: P) -> Result<Self> {
    |            ^^^
...
 25 |     pub fn in_memory() -> Result<Self> {
    |            ^^^^^^^^^
...
 38 |     fn initialize_schema(&self) -> Result<()> {
    |        ^^^^^^^^^^^^^^^^^
...
101 |     fn initialize_bot_state_if_missing(&self) -> Result<()> {
    |        ^^^^^^^^^^^^^^^^^^^^^^^^^^^^^^^
...
132 |     fn parse_token_id(s: &str) -> Result<polymarket_client_sdk::types::U256> {
    |        ^^^^^^^^^^^^^^
...
137 |     fn format_token_id(id: polymarket_client_sdk::types::U256) -> String {
    |        ^^^^^^^^^^^^^^^

warning: `polymarket-cli` (bin "polymarket") generated 119 warnings (run `cargo fix --bin 
"polymarket" -p polymarket-cli` to apply 30 suggestions)
    Finished `dev` profile [unoptimized + debuginfo] target(s) in 1m 00s
